******************************************************************************
                  TI ARM Linker PC v5.0.1                      
******************************************************************************
>> Linked Sun May 05 13:15:08 2013

OUTPUT FILE NAME:   <StellarisLaunchpadTest.out>
ENTRY POINT SYMBOL: "_c_int00"  address: 00000d6d


MEMORY CONFIGURATION

         name            origin    length      used     unused   attr    fill
----------------------  --------  ---------  --------  --------  ----  --------
  FLASH                 00000000   00040000  00000f48  0003f0b8  R  X
  SRAM                  20000000   00008000  00000114  00007eec  RW X


SEGMENT ALLOCATION MAP

run origin  load origin   length   init length attrs members
----------  ----------- ---------- ----------- ----- -------
00000000    00000000    00000f48   00000f48    r-x
  00000000    00000000    0000026c   0000026c    r-- .intvecs
  0000026c    0000026c    00000c7c   00000c7c    r-x .text
  00000ee8    00000ee8    00000040   00000040    r-- .const
  00000f28    00000f28    00000020   00000020    r-- .cinit
20000000    20000000    00000100   00000000    rw-
  20000000    20000000    00000100   00000000    rw- .stack
20000100    20000100    00000014   00000014    rw-
  20000100    20000100    00000014   00000014    rw- .data


SECTION ALLOCATION MAP

 output                                  attributes/
section   page    origin      length       input sections
--------  ----  ----------  ----------   ----------------
.intvecs   0    00000000    0000026c     
                  00000000    0000026c     startup_ccs.obj (.intvecs)

.text      0    0000026c    00000c7c     
                  0000026c    000006d4     lcd44780_LP.obj (.text)
                  00000940    00000136     rtsv7M4_T_le_v4SPD16_eabi.lib : fd_div_t2.obj (.text)
                  00000a76    000000fc                                   : fd_mul_t2.obj (.text)
                  00000b72    0000009c                                   : memcpy_t2.obj (.text)
                  00000c0e    00000002     --HOLE-- [fill = 0]
                  00000c10    00000094                                   : auto_init.obj (.text)
                  00000ca4    00000068     main.obj (.text)
                  00000d0c    0000005e     rtsv7M4_T_le_v4SPD16_eabi.lib : copy_decompress_rle.obj (.text)
                  00000d6a    00000002     --HOLE-- [fill = 0]
                  00000d6c    00000048                                   : boot.obj (.text)
                  00000db4    00000044                                   : cpy_tbl.obj (.text)
                  00000df8    00000044                                   : fd_tou_t2.obj (.text)
                  00000e3c    00000040                                   : exit.obj (.text)
                  00000e7c    00000020                                   : u_tofd_t2.obj (.text)
                  00000e9c    00000018                                   : args_main.obj (.text)
                  00000eb4    00000014                                   : _lock.obj (.text)
                  00000ec8    0000000e                                   : copy_decompress_none.obj (.text:decompress:none)
                  00000ed6    0000000c     startup_ccs.obj (.text)
                  00000ee2    00000006     rtsv7M4_T_le_v4SPD16_eabi.lib : copy_decompress_rle.obj (.text:decompress:rle24)

.const     0    00000ee8    00000040     
                  00000ee8    00000040     lcd44780_LP.obj (.const:.string)

.cinit     0    00000f28    00000020     
                  00000f28    0000000f     (.cinit..data.load) [load image, compression = rle]
                  00000f37    00000001     --HOLE-- [fill = 0]
                  00000f38    00000008     (__TI_handler_table)
                  00000f40    00000008     (__TI_cinit_table)

.stack     0    20000000    00000100     UNINITIALIZED
                  20000000    00000100     --HOLE--

.data      0    20000100    00000014     
                  20000100    00000008     rtsv7M4_T_le_v4SPD16_eabi.lib : _lock.obj (.data)
                  20000108    00000008                                   : exit.obj (.data)
                  20000110    00000004                                   : stkdepth_vars.obj (.data)


LINKER GENERATED COPY TABLES

__TI_cinit_table @ 00000f40 records: 1, size/record: 8, table size: 8
	.data: load addr=00000f28, load size=0000000f bytes, run addr=20000100, run size=00000014 bytes, compression=rle


LINKER GENERATED HANDLER TABLE

__TI_handler_table @ 00000f38 records: 2, size/record: 4, table size: 8
	index: 0, handler: __TI_decompress_rle24
	index: 1, handler: __TI_decompress_none


GLOBAL SYMBOLS: SORTED ALPHABETICALLY BY Name 

address    name
--------   ----
00000e3d   C$$EXIT
00000cdf   FillLed
00000861   LCD_BuildCustomCharacters
00000815   LCD_build
0000026d   LCD_command
000005c9   LCD_init
000005a3   LCD_scrollLeft
0000059d   LCD_scrollRight
0000038d   LCD_write
000004e9   LCD_writePos
000004ad   LCD_writeText
00000ed7   ResetISR
UNDEFED    SHT$$INIT_ARRAY$$Base
UNDEFED    SHT$$INIT_ARRAY$$Limit
20000100   __STACK_END
00000100   __STACK_SIZE
20000100   __STACK_TOP
00000f40   __TI_CINIT_Base
00000f48   __TI_CINIT_Limit
00000f38   __TI_Handler_Table_Base
00000f40   __TI_Handler_Table_Limit
00000001   __TI_args_main
00000c11   __TI_auto_init
00000ec9   __TI_decompress_none
00000ee3   __TI_decompress_rle24
00000000   __TI_static_base__
00000df9   __aeabi_d2uiz
00000941   __aeabi_ddiv
00000a77   __aeabi_dmul
00000b73   __aeabi_memcpy
00000b73   __aeabi_memcpy4
00000b73   __aeabi_memcpy8
00000e7d   __aeabi_ui2d
ffffffff   __binit__
ffffffff   __c_args__
20000000   __stack
00000e9d   _args_main
00000d6d   _c_int00
20000108   _cleanup_ptr
2000010c   _dtors_ptr
20000100   _lock
00000ec3   _nop
00000ebb   _register_lock
00000eb5   _register_unlock
20000104   _unlock
00000e41   abort
ffffffff   binit
00000db5   copy_in
00000e49   exit
00000000   g_pfnVectors
00000ca5   main
20000110   main_func_sp
00000b73   memcpy


GLOBAL SYMBOLS: SORTED BY Symbol Address 

address    name
--------   ----
00000000   __TI_static_base__
00000000   g_pfnVectors
00000001   __TI_args_main
00000100   __STACK_SIZE
0000026d   LCD_command
0000038d   LCD_write
000004ad   LCD_writeText
000004e9   LCD_writePos
0000059d   LCD_scrollRight
000005a3   LCD_scrollLeft
000005c9   LCD_init
00000815   LCD_build
00000861   LCD_BuildCustomCharacters
00000941   __aeabi_ddiv
00000a77   __aeabi_dmul
00000b73   __aeabi_memcpy
00000b73   __aeabi_memcpy4
00000b73   __aeabi_memcpy8
00000b73   memcpy
00000c11   __TI_auto_init
00000ca5   main
00000cdf   FillLed
00000d6d   _c_int00
00000db5   copy_in
00000df9   __aeabi_d2uiz
00000e3d   C$$EXIT
00000e41   abort
00000e49   exit
00000e7d   __aeabi_ui2d
00000e9d   _args_main
00000eb5   _register_unlock
00000ebb   _register_lock
00000ec3   _nop
00000ec9   __TI_decompress_none
00000ed7   ResetISR
00000ee3   __TI_decompress_rle24
00000f38   __TI_Handler_Table_Base
00000f40   __TI_CINIT_Base
00000f40   __TI_Handler_Table_Limit
00000f48   __TI_CINIT_Limit
20000000   __stack
20000100   __STACK_END
20000100   __STACK_TOP
20000100   _lock
20000104   _unlock
20000108   _cleanup_ptr
2000010c   _dtors_ptr
20000110   main_func_sp
ffffffff   __binit__
ffffffff   __c_args__
ffffffff   binit
UNDEFED    SHT$$INIT_ARRAY$$Base
UNDEFED    SHT$$INIT_ARRAY$$Limit

[53 symbols]
