******************************************************************************
                  TI ARM Linker PC v5.0.1                      
******************************************************************************
>> Linked Sun May 05 13:24:07 2013

OUTPUT FILE NAME:   <StellarisLaunchpadTest.out>
ENTRY POINT SYMBOL: "_c_int00"  address: 000023bd


MEMORY CONFIGURATION

         name            origin    length      used     unused   attr    fill
----------------------  --------  ---------  --------  --------  ----  --------
  FLASH                 00000000   00040000  000027b6  0003d84a  R  X
  SRAM                  20000000   00008000  00000514  00007aec  RW X


SEGMENT ALLOCATION MAP

run origin  load origin   length   init length attrs members
----------  ----------- ---------- ----------- ----- -------
00000000    00000000    000027bc   000027bc    r-x
  00000000    00000000    0000026c   0000026c    r-- .intvecs
  0000026c    0000026c    000023e2   000023e2    r-x .text
  00002650    00002650    00000144   00000144    r-- .const
  00002798    00002798    00000024   00000024    r-- .cinit
20000000    20000000    00000514   00000414    rw-
  20000000    20000000    00000414   00000414    rw- .data
  20000414    20000414    00000100   00000000    rw- .stack


SECTION ALLOCATION MAP

 output                                  attributes/
section   page    origin      length       input sections
--------  ----  ----------  ----------   ----------------
.intvecs   0    00000000    0000026c     
                  00000000    0000026c     startup_ccs.obj (.intvecs)

.text      0    0000026c    000023e2     
                  0000026c    00000e9e     rtsv7M4_T_le_v4SPD16_eabi.lib : _printfi.obj (.text)
                  0000110a    00000002     --HOLE-- [fill = 0]
                  0000110c    00000890     lcd44780_LP.obj (.text)
                  0000199c    000001f4     rtsv7M4_T_le_v4SPD16_eabi.lib : ull_div_t2.obj (.text)
                  00001b90    000001b6                                   : fd_add_t2.obj (.text)
                  00001d46    00000136                                   : fd_div_t2.obj (.text)
                  00001e7c    000000fc                                   : fd_mul_t2.obj (.text)
                  00001f78    000000bc     main.obj (.text)
                  00002034    0000009c     rtsv7M4_T_le_v4SPD16_eabi.lib : memcpy_t2.obj (.text)
                  000020d0    00000094                                   : auto_init.obj (.text)
                  00002164    0000007e                                   : fd_cmp_t2.obj (.text)
                  000021e2    00000078                                   : memset_t2.obj (.text)
                  0000225a    00000002     --HOLE-- [fill = 0]
                  0000225c    00000060                                   : sprintf.obj (.text)
                  000022bc    0000005e                                   : copy_decompress_rle.obj (.text)
                  0000231a    00000056                                   : ltoa.obj (.text)
                  00002370    0000004c                                   : atoi.obj (.text)
                  000023bc    00000048                                   : boot.obj (.text)
                  00002404    00000048                                   : fd_toi_t2.obj (.text)
                  0000244c    00000044                                   : cpy_tbl.obj (.text)
                  00002490    00000044                                   : fd_tou_t2.obj (.text)
                  000024d4    00000044                                   : xdtest.obj (.text)
                  00002518    00000040                                   : exit.obj (.text)
                  00002558    0000002e                                   : i_tofd_t2.obj (.text)
                  00002586    00000020                                   : u_tofd_t2.obj (.text)
                  000025a6    0000001c                                   : memccpy.obj (.text)
                  000025c2    00000002     --HOLE-- [fill = 0]
                  000025c4    00000018                                   : args_main.obj (.text)
                  000025dc    00000018                                   : ll_mul_t2.obj (.text)
                  000025f4    00000014                                   : _lock.obj (.text)
                  00002608    00000014                                   : strlen.obj (.text)
                  0000261c    00000012                                   : xdclass.obj (.text)
                  0000262e    0000000e                                   : copy_decompress_none.obj (.text:decompress:none)
                  0000263c    0000000c     startup_ccs.obj (.text)
                  00002648    00000006     rtsv7M4_T_le_v4SPD16_eabi.lib : copy_decompress_rle.obj (.text:decompress:rle24)

.const     0    00002650    00000144     
                  00002650    00000101     rtsv7M4_T_le_v4SPD16_eabi.lib : ctype.obj (.const:.string:_ctypes_)
                  00002751    00000003     --HOLE-- [fill = 0]
                  00002754    00000040     lcd44780_LP.obj (.const:.string)

.cinit     0    00002798    00000024     
                  00002798    00000014     (.cinit..data.load) [load image, compression = rle]
                  000027ac    00000008     (__TI_handler_table)
                  000027b4    00000008     (__TI_cinit_table)

.data      0    20000000    00000414     
                  20000000    00000400     main.obj (.data:PrintString)
                  20000400    00000008     rtsv7M4_T_le_v4SPD16_eabi.lib : _lock.obj (.data)
                  20000408    00000008                                   : exit.obj (.data)
                  20000410    00000004                                   : stkdepth_vars.obj (.data)

.stack     0    20000414    00000100     UNINITIALIZED
                  20000414    00000100     --HOLE--


LINKER GENERATED COPY TABLES

__TI_cinit_table @ 000027b4 records: 1, size/record: 8, table size: 8
	.data: load addr=00002798, load size=00000014 bytes, run addr=20000000, run size=00000414 bytes, compression=rle


LINKER GENERATED HANDLER TABLE

__TI_handler_table @ 000027ac records: 2, size/record: 4, table size: 8
	index: 0, handler: __TI_decompress_rle24
	index: 1, handler: __TI_decompress_none


GLOBAL SYMBOLS: SORTED ALPHABETICALLY BY Name 

address    name
--------   ----
00002519   C$$EXIT
00001fe7   FillLed
00001749   LCD_BuildCustomCharacters
000017f3   LCD_build
000013d1   LCD_command
0000110d   LCD_init
0000194b   LCD_scrollLeft
00001955   LCD_scrollRight
00001541   LCD_write
00001847   LCD_writePos
000016a5   LCD_writeText
20000000   PrintString
0000263d   ResetISR
UNDEFED    SHT$$INIT_ARRAY$$Base
UNDEFED    SHT$$INIT_ARRAY$$Limit
0000261d   _Dclass
000024d5   _Dtest
20000514   __STACK_END
00000100   __STACK_SIZE
20000514   __STACK_TOP
000027b4   __TI_CINIT_Base
000027bc   __TI_CINIT_Limit
000027ac   __TI_Handler_Table_Base
000027b4   __TI_Handler_Table_Limit
00000001   __TI_args_main
000020d1   __TI_auto_init
0000262f   __TI_decompress_none
00002649   __TI_decompress_rle24
00000000   __TI_static_base__
00002165   __aeabi_cdcmpeq
00002165   __aeabi_cdcmple
00002405   __aeabi_d2iz
00002491   __aeabi_d2uiz
00001b9b   __aeabi_dadd
00001d47   __aeabi_ddiv
00001e7d   __aeabi_dmul
00001b91   __aeabi_dsub
00002559   __aeabi_i2d
000025dd   __aeabi_lmul
000021e3   __aeabi_memclr
000021e3   __aeabi_memclr4
000021e3   __aeabi_memclr8
00002035   __aeabi_memcpy
00002035   __aeabi_memcpy4
00002035   __aeabi_memcpy8
000021e5   __aeabi_memset
000021e5   __aeabi_memset4
000021e5   __aeabi_memset8
00002587   __aeabi_ui2d
0000199d   __aeabi_uldivmod
ffffffff   __binit__
ffffffff   __c_args__
20000414   __stack
000025c5   _args_main
000023bd   _c_int00
20000408   _cleanup_ptr
00002650   _ctypes_
2000040c   _dtors_ptr
20000400   _lock
00002603   _nop
00000e03   _printfi
000025fb   _register_lock
000025f5   _register_unlock
20000404   _unlock
0000251d   abort
00002371   atoi
ffffffff   binit
0000244d   copy_in
00002525   exit
00000000   g_pfnVectors
0000231b   ltoa
00001f79   main
20000410   main_func_sp
000025a7   memccpy
00002035   memcpy
000021eb   memset
0000225d   sprintf
00002609   strlen


GLOBAL SYMBOLS: SORTED BY Symbol Address 

address    name
--------   ----
00000000   __TI_static_base__
00000000   g_pfnVectors
00000001   __TI_args_main
00000100   __STACK_SIZE
00000e03   _printfi
0000110d   LCD_init
000013d1   LCD_command
00001541   LCD_write
000016a5   LCD_writeText
00001749   LCD_BuildCustomCharacters
000017f3   LCD_build
00001847   LCD_writePos
0000194b   LCD_scrollLeft
00001955   LCD_scrollRight
0000199d   __aeabi_uldivmod
00001b91   __aeabi_dsub
00001b9b   __aeabi_dadd
00001d47   __aeabi_ddiv
00001e7d   __aeabi_dmul
00001f79   main
00001fe7   FillLed
00002035   __aeabi_memcpy
00002035   __aeabi_memcpy4
00002035   __aeabi_memcpy8
00002035   memcpy
000020d1   __TI_auto_init
00002165   __aeabi_cdcmpeq
00002165   __aeabi_cdcmple
000021e3   __aeabi_memclr
000021e3   __aeabi_memclr4
000021e3   __aeabi_memclr8
000021e5   __aeabi_memset
000021e5   __aeabi_memset4
000021e5   __aeabi_memset8
000021eb   memset
0000225d   sprintf
0000231b   ltoa
00002371   atoi
000023bd   _c_int00
00002405   __aeabi_d2iz
0000244d   copy_in
00002491   __aeabi_d2uiz
000024d5   _Dtest
00002519   C$$EXIT
0000251d   abort
00002525   exit
00002559   __aeabi_i2d
00002587   __aeabi_ui2d
000025a7   memccpy
000025c5   _args_main
000025dd   __aeabi_lmul
000025f5   _register_unlock
000025fb   _register_lock
00002603   _nop
00002609   strlen
0000261d   _Dclass
0000262f   __TI_decompress_none
0000263d   ResetISR
00002649   __TI_decompress_rle24
00002650   _ctypes_
000027ac   __TI_Handler_Table_Base
000027b4   __TI_CINIT_Base
000027b4   __TI_Handler_Table_Limit
000027bc   __TI_CINIT_Limit
20000000   PrintString
20000400   _lock
20000404   _unlock
20000408   _cleanup_ptr
2000040c   _dtors_ptr
20000410   main_func_sp
20000414   __stack
20000514   __STACK_END
20000514   __STACK_TOP
ffffffff   __binit__
ffffffff   __c_args__
ffffffff   binit
UNDEFED    SHT$$INIT_ARRAY$$Base
UNDEFED    SHT$$INIT_ARRAY$$Limit

[78 symbols]
