******************************************************************************
                  TI ARM Linker PC v5.0.1                      
******************************************************************************
>> Linked Sun May 05 18:21:09 2013

OUTPUT FILE NAME:   <WakeUpLight.out>
ENTRY POINT SYMBOL: "_c_int00"  address: 00002411


MEMORY CONFIGURATION

         name            origin    length      used     unused   attr    fill
----------------------  --------  ---------  --------  --------  ----  --------
  FLASH                 00000000   00040000  0000280a  0003d7f6  R  X
  SRAM                  20000000   00008000  00000154  00007eac  RW X


SEGMENT ALLOCATION MAP

run origin  load origin   length   init length attrs members
----------  ----------- ---------- ----------- ----- -------
00000000    00000000    0000280c   0000280c    r-x
  00000000    00000000    0000026c   0000026c    r-- .intvecs
  0000026c    0000026c    00002436   00002436    r-x .text
  000026a4    000026a4    00000144   00000144    r-- .const
  000027e8    000027e8    00000024   00000024    r-- .cinit
20000000    20000000    00000100   00000000    rw-
  20000000    20000000    00000100   00000000    rw- .stack
20000100    20000100    00000054   00000054    rw-
  20000100    20000100    00000054   00000054    rw- .data


SECTION ALLOCATION MAP

 output                                  attributes/
section   page    origin      length       input sections
--------  ----  ----------  ----------   ----------------
.intvecs   0    00000000    0000026c     
                  00000000    0000026c     startup_ccs.obj (.intvecs)

.text      0    0000026c    00002436     
                  0000026c    00000e9e     rtsv7M4_T_le_v4SPD16_eabi.lib : _printfi.obj (.text)
                  0000110a    00000002     --HOLE-- [fill = 0]
                  0000110c    00000890     lcd44780_LP.obj (.text)
                  0000199c    000001f4     rtsv7M4_T_le_v4SPD16_eabi.lib : ull_div_t2.obj (.text)
                  00001b90    000001b6                                   : fd_add_t2.obj (.text)
                  00001d46    00000136                                   : fd_div_t2.obj (.text)
                  00001e7c    00000110     main.obj (.text)
                  00001f8c    000000fc     rtsv7M4_T_le_v4SPD16_eabi.lib : fd_mul_t2.obj (.text)
                  00002088    0000009c                                   : memcpy_t2.obj (.text)
                  00002124    00000094                                   : auto_init.obj (.text)
                  000021b8    0000007e                                   : fd_cmp_t2.obj (.text)
                  00002236    00000078                                   : memset_t2.obj (.text)
                  000022ae    00000002     --HOLE-- [fill = 0]
                  000022b0    00000060                                   : sprintf.obj (.text)
                  00002310    0000005e                                   : copy_decompress_rle.obj (.text)
                  0000236e    00000056                                   : ltoa.obj (.text)
                  000023c4    0000004c                                   : atoi.obj (.text)
                  00002410    00000048                                   : boot.obj (.text)
                  00002458    00000048                                   : fd_toi_t2.obj (.text)
                  000024a0    00000044                                   : cpy_tbl.obj (.text)
                  000024e4    00000044                                   : fd_tou_t2.obj (.text)
                  00002528    00000044                                   : xdtest.obj (.text)
                  0000256c    00000040                                   : exit.obj (.text)
                  000025ac    0000002e                                   : i_tofd_t2.obj (.text)
                  000025da    00000020                                   : u_tofd_t2.obj (.text)
                  000025fa    0000001c                                   : memccpy.obj (.text)
                  00002616    00000002     --HOLE-- [fill = 0]
                  00002618    00000018                                   : args_main.obj (.text)
                  00002630    00000018                                   : ll_mul_t2.obj (.text)
                  00002648    00000014                                   : _lock.obj (.text)
                  0000265c    00000014                                   : strlen.obj (.text)
                  00002670    00000012                                   : xdclass.obj (.text)
                  00002682    0000000e                                   : copy_decompress_none.obj (.text:decompress:none)
                  00002690    0000000c     startup_ccs.obj (.text)
                  0000269c    00000006     rtsv7M4_T_le_v4SPD16_eabi.lib : copy_decompress_rle.obj (.text:decompress:rle24)

.const     0    000026a4    00000144     
                  000026a4    00000101     rtsv7M4_T_le_v4SPD16_eabi.lib : ctype.obj (.const:.string:_ctypes_)
                  000027a5    00000003     --HOLE-- [fill = 0]
                  000027a8    00000040     lcd44780_LP.obj (.const:.string)

.cinit     0    000027e8    00000024     
                  000027e8    00000012     (.cinit..data.load) [load image, compression = rle]
                  000027fa    00000002     --HOLE-- [fill = 0]
                  000027fc    00000008     (__TI_handler_table)
                  00002804    00000008     (__TI_cinit_table)

.stack     0    20000000    00000100     UNINITIALIZED
                  20000000    00000100     --HOLE--

.data      0    20000100    00000054     
                  20000100    00000040     main.obj (.data:PrintString)
                  20000140    00000008     rtsv7M4_T_le_v4SPD16_eabi.lib : _lock.obj (.data)
                  20000148    00000008                                   : exit.obj (.data)
                  20000150    00000004                                   : stkdepth_vars.obj (.data)


LINKER GENERATED COPY TABLES

__TI_cinit_table @ 00002804 records: 1, size/record: 8, table size: 8
	.data: load addr=000027e8, load size=00000012 bytes, run addr=20000100, run size=00000054 bytes, compression=rle


LINKER GENERATED HANDLER TABLE

__TI_handler_table @ 000027fc records: 2, size/record: 4, table size: 8
	index: 0, handler: __TI_decompress_rle24
	index: 1, handler: __TI_decompress_none


GLOBAL SYMBOLS: SORTED ALPHABETICALLY BY Name 

address    name
--------   ----
0000256d   C$$EXIT
00001f25   FillLed
00001749   LCD_BuildCustomCharacters
000017f3   LCD_build
000013d1   LCD_command
0000110d   LCD_init
0000194b   LCD_scrollLeft
00001955   LCD_scrollRight
00001541   LCD_write
00001847   LCD_writePos
000016a5   LCD_writeText
20000100   PrintString
00002691   ResetISR
UNDEFED    SHT$$INIT_ARRAY$$Base
UNDEFED    SHT$$INIT_ARRAY$$Limit
UNDEFED    UARTStdioInit
UNDEFED    UARTprintf
00002671   _Dclass
00002529   _Dtest
20000100   __STACK_END
00000100   __STACK_SIZE
20000100   __STACK_TOP
00002804   __TI_CINIT_Base
0000280c   __TI_CINIT_Limit
000027fc   __TI_Handler_Table_Base
00002804   __TI_Handler_Table_Limit
00000001   __TI_args_main
00002125   __TI_auto_init
00002683   __TI_decompress_none
0000269d   __TI_decompress_rle24
00000000   __TI_static_base__
000021b9   __aeabi_cdcmpeq
000021b9   __aeabi_cdcmple
00002459   __aeabi_d2iz
000024e5   __aeabi_d2uiz
00001b9b   __aeabi_dadd
00001d47   __aeabi_ddiv
00001f8d   __aeabi_dmul
00001b91   __aeabi_dsub
000025ad   __aeabi_i2d
00002631   __aeabi_lmul
00002237   __aeabi_memclr
00002237   __aeabi_memclr4
00002237   __aeabi_memclr8
00002089   __aeabi_memcpy
00002089   __aeabi_memcpy4
00002089   __aeabi_memcpy8
00002239   __aeabi_memset
00002239   __aeabi_memset4
00002239   __aeabi_memset8
000025db   __aeabi_ui2d
0000199d   __aeabi_uldivmod
ffffffff   __binit__
ffffffff   __c_args__
20000000   __stack
00002619   _args_main
00002411   _c_int00
20000148   _cleanup_ptr
000026a4   _ctypes_
2000014c   _dtors_ptr
20000140   _lock
00002657   _nop
00000e03   _printfi
0000264f   _register_lock
00002649   _register_unlock
20000144   _unlock
00002571   abort
000023c5   atoi
ffffffff   binit
000024a1   copy_in
00002579   exit
00000000   g_pfnVectors
0000236f   ltoa
00001e7d   main
20000150   main_func_sp
000025fb   memccpy
00002089   memcpy
0000223f   memset
000022b1   sprintf
0000265d   strlen


GLOBAL SYMBOLS: SORTED BY Symbol Address 

address    name
--------   ----
00000000   __TI_static_base__
00000000   g_pfnVectors
00000001   __TI_args_main
00000100   __STACK_SIZE
00000e03   _printfi
0000110d   LCD_init
000013d1   LCD_command
00001541   LCD_write
000016a5   LCD_writeText
00001749   LCD_BuildCustomCharacters
000017f3   LCD_build
00001847   LCD_writePos
0000194b   LCD_scrollLeft
00001955   LCD_scrollRight
0000199d   __aeabi_uldivmod
00001b91   __aeabi_dsub
00001b9b   __aeabi_dadd
00001d47   __aeabi_ddiv
00001e7d   main
00001f25   FillLed
00001f8d   __aeabi_dmul
00002089   __aeabi_memcpy
00002089   __aeabi_memcpy4
00002089   __aeabi_memcpy8
00002089   memcpy
00002125   __TI_auto_init
000021b9   __aeabi_cdcmpeq
000021b9   __aeabi_cdcmple
00002237   __aeabi_memclr
00002237   __aeabi_memclr4
00002237   __aeabi_memclr8
00002239   __aeabi_memset
00002239   __aeabi_memset4
00002239   __aeabi_memset8
0000223f   memset
000022b1   sprintf
0000236f   ltoa
000023c5   atoi
00002411   _c_int00
00002459   __aeabi_d2iz
000024a1   copy_in
000024e5   __aeabi_d2uiz
00002529   _Dtest
0000256d   C$$EXIT
00002571   abort
00002579   exit
000025ad   __aeabi_i2d
000025db   __aeabi_ui2d
000025fb   memccpy
00002619   _args_main
00002631   __aeabi_lmul
00002649   _register_unlock
0000264f   _register_lock
00002657   _nop
0000265d   strlen
00002671   _Dclass
00002683   __TI_decompress_none
00002691   ResetISR
0000269d   __TI_decompress_rle24
000026a4   _ctypes_
000027fc   __TI_Handler_Table_Base
00002804   __TI_CINIT_Base
00002804   __TI_Handler_Table_Limit
0000280c   __TI_CINIT_Limit
20000000   __stack
20000100   PrintString
20000100   __STACK_END
20000100   __STACK_TOP
20000140   _lock
20000144   _unlock
20000148   _cleanup_ptr
2000014c   _dtors_ptr
20000150   main_func_sp
ffffffff   __binit__
ffffffff   __c_args__
ffffffff   binit
UNDEFED    SHT$$INIT_ARRAY$$Base
UNDEFED    SHT$$INIT_ARRAY$$Limit
UNDEFED    UARTStdioInit
UNDEFED    UARTprintf

[80 symbols]
